[    0.000000] Initializing cgroup subsys cpuset
[    0.000000] Initializing cgroup subsys cpu
[    0.000000] Initializing cgroup subsys cpuacct
[    0.000000] Linux version 4.4.0-78-generic (buildd@lgw01-11) (gcc version 5.4.0 20160609 (Ubuntu 5.4.0-6ubuntu1~16.04.4) ) #99-Ubuntu SMP Thu Apr 27 15:29:09 UTC 2017 (Ubuntu 4.4.0-78.99-generic 4.4.62)
[    0.000000] Command line: BOOT_IMAGE=/boot/vmlinuz-4.4.0-78-generic root=LABEL=cloudimg-rootfs ro console=tty1 console=ttyS0
[    0.000000] KERNEL supported cpus:
[    0.000000]   Intel nuineIntel
[    0.000000]   AMD AuthenticAMD
[    0.000000]   Centaur CentaurHauls
[    0.000000] ------------[ cut here ]------------
[    0.000000] WARNING: CPU: 0 PID: 0 at /build/linux-0XAgc4/linux-4.4.0/arch/x86/kernel/fpu/xstate.c:517 fpu__init_system_xstate+0x38b/0x75a()
[    0.000000] XSAVE consistency problem, dumping leaves
[    0.000000] Modes linked in:
[    0.000000] CPU: 0 PID: 0 Comm: swapper Not tainted 4.4.0-78-generic #99-Ubuntu
[    0.000000]  0000000000000086 9720c837a82816b6 ffffffff81e03d80 ffffffff813f8dd3
[    0.000000]  ffffffff81e03dc8 ffffffff81ca9c50 ffffffff81e03db8 ffffffff81081302
[    0.000000]  ffffffff81e03e48 ffffffff81e03e4c 0000000000000008 0000000000000100
[    0.000000] Call Trace:
[    0.000000]  [<ffffffff813f8dd3>] dump_stack+0x63/0x90
[    0.000000]  [<ffffffff81081302>] warn_slowpath_common+0x82/0xc0
[    0.000000]  [<ffffffff8108139c>] warn_slowpath_fmt+0x5c/0x80
[    0.000000]  [<ffffffff8107cfd0>] ? xfeature_size+0x59/0x77
[    0.000000]  [<ffffffff81f6d218>] fpu__init_system_xstate+0x38b/0x75a
[    0.000000]  [<ffffffff81f5d120>] ? early_idt_handler_array+0x120/0x120
[    0.000000]  [<ffffffff81f6cb83>] fpu__init_system+0x10d/0x245
[    0.000000]  [<ffffffff81f6dc8c>] early_cpu_init+0x139/0x13e
[    0.000000]  [<ffffffff81f6dc8c>] ? early_cpu_init+0x139/0x13e
[    0.000000]  [<ffffffff81f69193>] setup_arch+0xb4/0xcf1
[    0.000000]  [<ffffffff81f5d120>] ? early_idt_handler_array+0x120/0x120
[    0.000000]  [<ffffffff81f5dc74>] start_kernel+0xe4/0x4a2
[    0.000000]  [<ffffffff81f5d120>] ? early_idt_handler_array+0x120/0x120
[    0.000000]  [<ffffffff81f5d339>] x86_64_start_reservations+0x2a/0x2c
[    0.000000]  [<ffffffff81f5d485>] x86_64_start_kernel+0x14a/0x16d
[    0.000000] ---[ end trace 4d5ff9f2f68c4233 ]---
[    0.000000] CPUID[0d, 00]: eax=00000007 ebx=00000440 ecx=00000440 edx=00000000
[    0.000000] CPUID[0d, 01]: eax=00000000 ebx=000003c0 ecx=00000000 edx=00000000
[    0.000000] CPUID[0d, 02]: eax=00000100 ebx=00000240 ecx=00000000 edx=00000000
[    0.000000] CPUID[0d, 03]: eax=00000000 ebx=00000000 ecx=00000000 edx=00000000
[    0.000000] CPUID[0d, 04]: eax=00000000 ebx=00000000 ecx=00000000 edx=00000000
[    0.000000] CPUID[0d, 05]: eax=00000000 ebx=00000000 ecx=00000000 edx=00000000
[    0.000000] CPUID[0d, 06]: eax=00000000 ebx=00000000 ecx=00000000 edx=00000000
[    0.000000] CPUID[0d, 07]: eax=00000000 ebx=00000000 ecx=00000000 edx=00000000
[    0.000000] CPUID[0d, 08]: eax=00000000 ebx=00000000 ecx=00000000 edx=00000000
[    0.000000] CPUID[0d, 09]: eax=00000000 ebx=00000000 ecx=00000000 edx=00000000
[    0.000000] CPUID[0d, 0a]: eax=00000000 ebx=00000000 ecx=00000000 edx=00000000
[    0.000000] CPUID[0d, 0b]: eax=00000000 ebx=00000000 ecx=00000000 edx=00000000
[    0.000000] CPUID[0d, 0c]: eax=00000000 ebx=00000000 ecx=00000000 edx=00000000
[    0.000000] CPUID[0d, 0d]: eax=00000000 ebx=00000000 ecx=00000000 edx=00000000
[    0.000000] CPUID[0d, 0e]: eax=00000000 ebx=00000000 ecx=00000000 edx=00000000
[    0.000000] CPUID[0d, 0f]: eax=00000000 ebx=00000000 ecx=00000000 edx=00000000
[    0.000000] CPUID[0d, 10]: eax=00000000 ebx=00000000 ecx=00000000 edx=00000000
[    0.000000] CPUID[0d, 11]: eax=00000000 ebx=00000000 ecx=00000000 edx=00000000
[    0.000000] x86/fpu: xstate_offset[2]:  576, xstate_sizes[2]:  256
[    0.000000] x86/fpu: Supporting XSAVE feature 0x01: 'x87 floating point registers'
[    0.000000] x86/fpu: Supporting XSAVE feature 0x02: 'SSE registers'
[    0.000000] x86/fpu: Supporting XSAVE feature 0x04: 'AVX registers'
[    0.000000] x86/fpu: Enabled xstate features 0x7, context size is 1088 bytes, using 'standard' format.
[    0.000000] x86/fpu: Using 'lazy' FPU context switches.
[    0.000000] e820: BIOS-provided physical RAM map:
[    0.000000] BIOS-e820: [mem 0x0000000000000000-0x000000000009fbff] usable
[    0.000000] BIOS-e820: [mem 0x000000000009fc00-0x000000000009ffff] reserved
[    0.000000] BIOS-e820: [mem 0x00000000000f0000-0x00000000000fffff] reserved
[    0.000000] BIOS-e820: [mem 0x0000000000100000-0x00000000dffeffff] usable
[    0.000000] BIOS-e820: [mem 0x00000000dfff0000-0x00000000dfffffff] ACPI data
[    0.000000] BIOS-e820: [mem 0x00000000fec00000-0x00000000fec00fff] reserved
[    000000] BIOS-e820: [mem 0x00000000fee00000-0x00000000fee00fff] reserved
[    0.000000] BIOS-e820: [mem 0x00000000fffc0000-0x00000000ffffffff] reserved
[    0.000000] BIOS-e820: [mem 0x0000000100000000-0x000000011fffffff] usable
[    0.000000] NX (Execute Disable) protection: active
[    0.000000] SMBIOS 2.5 present.
[    0.000000] Hypervisor detected: KVM
[    0.000000] e820: last_pfn = 0x120000 max_arch_pfn = 0x400000000
[    0.000000] MTRR: Disabled
[    0.000000] x86/PAT: MTRRs disabled, skipping PAT initialization too.
[    0.000000] x86/PAT: Configuration [0-7]: WB  WT  UC- UC  WB  WT  UC- UC  
[    0.000000] CPU MTRRs all blank - virtualized system.
[    0.000000] e820: last_pfn = 0xdfff0 max_arch_pfn = 0x400000000
[    0.000000] found SMP MP-table at [mem 0x0009fff0-0x0009ffff] mapped at [ffff88000009fff0]
[    0.000000] Scanning 1 areas for low memory corruption
[    0.000000] RAMDISK: [mem 0x36ae6000-0x3756afff]
[    0.000000] ACPI: Early table checksum verification disabled
[    0.000000] ACPI: RSDP 0x00000000000E0000 000024 (v02 VBOX  )
[    0.000000] ACPI: XSDT 0x00000000DFFF0030 00003C (v01 VBOX   VBOXXSDT 00000001 ASL  00000061)
[    0.000000] ACPI: FACP 0x00000000DFFF00F0 0000F4 (v04 VBOX   VBOXFACP 00000001 ASL  00000061)
[    0.000000] ACPI: DSDT 0x00000000DFFF0470 0021C8 (v02 VBOX   VBOXBIOS 00000002 INTL 20100528)
[    0.000000] ACPI: FACS 0x00000000DFFF0200 000040
[    0.000000] ACPI: FACS 0x00000000DFFF0200 000040
[    0.000000] ACPI: APIC 0x00000000DFFF0240 00005C (v02 VBOX   VBOXAPIC 00000001 ASL  00000061)
[    0.000000] ACPI: SSDT 0x00000000DFFF02A0 0001CC (v01 VBOX   VBOXCPUT 00000002 INTL 20100528)
[    0.000000] No NUMA configuration found
[    0.000000] Faking a node at [mem 0x0000000000000000-0x000000011fffffff]
[    0.000000] NODE_DATA(0) allocated [mem 0x11fff7000-0x11fffbfff]
[    0.000000] kvm-clock: Using msrs 4b564d01 and 4b564d00
[    0.000000] kvm-clock: cpu 0, msr 1:1ffef001, primary cpu clock
[    0.000000] kvm-clock: using sched offset of 3091823420 cycles
[    0.000000] clocksource: kvm-clock: mask: 0xffffffffffffffff max_cycles: 0x1cd42e4dffb, max_idle_ns: 881590591483 ns
[    0.000000] Zone ranges:
[    0.000000]   DMA      [mem 0x0000000000001000-0x0000000000ffffff]
[    0.000000]   DMA32    [mem 0x0000000001000000-0x00000000ffffffff]
[    0.000000]   Normal   [mem 0x0000000100000000-0x000000011fffffff]
[    0.000000]   Device   empty
[    0.000000] Movable zone start for each node
[    0.000000] Early memory node ranges
[    0.000000]   node   0: [mem 0x0000000000001000-0x000000000009efff]
[    0.000000]   node   0: [mem 0x0000000000100000-0x00000000dffeffff]
[    0.000000]   node   0: [mem 0x0000000100000000-0x000000011fffffff]
[    0.000000] Initmem setup node 0 [mem 0x0000000000001000-0x000000011fffffff]
[    0.000000] ACPI: PM-Timer IO Port: 0x4008
[    0.000000] IOAPIC[0]: apic_id 2, version 32, address 0xfec00000, GSI 0-23
[    0.000000] ACPI: INT_SRC_OVR (bus 0 bus_irq 0 global_irq 2 dfl dfl)
[    0.000000] ACPI: INT_SRC_OVR (bus 0 bus_irq 9 global_i 9 high level)
[    0.000000] Using ACPI (MADT) for SMP configuration information
[    0.000000] smpboot: Allowing 2 CPUs, 0 hotplug CPUs
[    0.000000] PM: Registered nosave memory: [mem 0x00000000-0x00000fff]
[    0.000000] PM: Registered nosave memory: [mem 0x0009f000-0x0009ffff]
[    0.000000] PM: Registered nosave memory: [mem 0x000a0000-0x000effff]
[    0.000000] PM: Registered nosave memory: [mem 0x000f0000-0x000fffff]
[    0.000000] PM: Registered nosave memory: [mem 0xdfff0000-0xdfffffff]
[    0.000000] PM: Registered nosave memory: [mem 0xe0000000-0xfebfffff]
[    0.000000] PM: Registered nosave memory: [mem 0xfec00000-0xfec00fff]
[    0.000000] PM: Registered nosave memory: [mem 0xfec01000-0xfedfffff]
[    0.000000] PM: Registered nosave memory: [mem 0xfee00000-0xfee00fff]
[    0.000000] PM: Registered nosave memory: [mem 0xfee01000-0xfffbffff]
[    0.000000] PM: Registered nosave memory: [mem 0xfffc0000-0xffffffff]
[    0.000000] e820: [mem 0xe0000000-0xfebfffff] available for PCI devices
[    0.000000] Booting paravirtualized kernel on KVM
[    0.000000] clocksource: refined-jiffies: mask: 0xffffffff max_cycles: 0xffffffff, max_idle_ns: 7645519600211568 ns
[    0.000000] setup_percpu: NR_CPUS:512 nr_cpumask_bits:512 nr_cpu_ids:2 nr_node_ids:1
[    0.000000] PERCPU: Embedded 33 pages/cpu @ffff88011fc00000 s98264 r8192 d28712 u1048576
[    0.000000] PV qspinlock hash table entries: 256 (order: 0, 4096 bytes)
[    0.000000] Built 1 zonelists in Node order, mobility grouping on.  Total pages: 1032057
[    0.000000] Policy zone: Normal
[    0.000000] Kernel command line: BOOT_IMAGE=/boot/vmlinuz-4.4.0-78-generic root=LABEL=cloudimg-rootfs ro console=tty1 console=ttyS0
[    0.000000] PID hash table entries: 4096 (order: 3, 32768 bytes)
[    0.000000] Memory: 4032320K/4193848K available (8469K kernel code, 1294K rwdata, 3984K rodata, 1484K init, 1316K bss, 161528K reserved, 0K cma-reserved)
[    0.000000] SLUB: HWalign=64, Order=0-3, MinObjects=0, CPUs=2, Nodes=1
[    0.000000] Hierarchical RCU implementation.
[    0.000000] 	Build-time adjustment of leaf fanout to 64.
[    0.000000] 	RCU restricting CPUs from NR_CPUS=512 to nr_cpu_ids=2.
[    0.000000] RCU: Adjusting geometry for rcu_fanout_leaf=64, nr_cpu_ids=2
[    0.000000] NR_IRQS:33024 nr_irqs:440 16
[    0.000000] Console: colour VGA+ 80x25
[    0.000000] console [tty1] enabled
[    0.000000] console [ttyS0] enabled
[    0.000000] tsc: Detected 2495.998 MHz processor
[    8.040216] Calibrating delay loop (skipped) preset value.. 4991.99 BogoMIPS (lpj=9983992)
[    8.081060] pid_max: default: 32768 minimum: 301
[    8.081908] ACPI: Core revision 20150930
[    8.083605] ACPI: 2 ACPI AML tables successfully acquired and loaded
[    8.084825] Security Framework initialized
[    8.085629] Yama: becoming mindful.
[    8.124877] AppArmor: AppArmor initialized
[    8.189704] Dentry cache hash table entries: 524288 (order: 10, 4194304 bytes)
[    8.289728] Inode-cache hash table entries: 262144 (order: 9, 2097152 bytes)
[    8.380869] Mount-cache hash table entries: 8192 (order: 4, 65536 bytes)
[    8.468338] Mountpoint-cache hash table entries: 8192 (order: 4, 65536 bytes)
[    8.557196] Initializing cgroup subsys io
[    8.569237] Initializing cgroup subsys memory
[    8.570052] Initializing cgroup subsys devices
[    8.577337] Initializing cgroup subsys freezer
[    8.578178] Initializing cgroup subsys net_cls
[    8.589036] Initializing cgroup subsys perf_event
[    8.644184] Initializing cgroup subsys net_prio
[    8.686723] Initializing cgroup subsys hugetlb
[    8.687856] Initializing cgroup subsys pids
[    8.708656] CPU: Physical Processor ID: 0
[    8.723808] CPU: Processor Core ID: 0
[    8.770726] mce: CPU supports 0 MCE banks
[    8.816570] Last level iTLB entries: 4KB 64, 2MB 8, 4MB 8
[    8.883264] Last level dTLB entries: 4KB 64, 2MB 0, 4MB 0, 1GB 4
[    8.963361] Freeing SMP alternatives memory: 32K (ffffffff820b8000 - ffffffff820c0000)
[    9.085905] face: allocating 32120 entries in 126 pages
[    9.229143] smpboot: APIC(0) Converting physical 0 to logical package 0
[    9.326070] smpboot: Max logical packages: 1
[    9.327273] x2apic enabled
[    9.328162] Switched APIC routing to physical x2apic.
[    9.330319] ..TIMER: vector=0x30 apic1=0 pin1=2 apic2=-1 pin2=-1
[    9.436445] APIC calibration not consistent with PM-Timer: 98ms instead of 100ms
[    9.541033] APIC delta adjusted to PM-Timer: 6252146 (6185687)
[    9.616009] smpboot: CPU0: Intel(R) Core(TM) i5-6300U CPU @ 2.40GHz (family: 0x6, model: 0x4e, stepping: 0x3)
[    9.720682] Performance Events: unsupported p6 CPU model 78 no PMU driver, software events only.
[    9.734115] KVM setup paravirtual spinlock
[    9.786388] x86: Booting SMP configuration:
[    9.850013] .... node  #0, CPUs:      #1
[    9.903534] kvm-clock: cpu 1, msr 1:1ffef041, secondary cpu clock
[    9.906136] mce: CPU supports 0 MCE banks
[    9.908694] x86: Booted up 1 node, 2 CPUs
[    9.948474] smpboot: Total of 2 processors activated (9983.99 BogoMIPS)
[   10.015984] devtmpfs: initialized
[   10.048335] evm: security.selinux
[   10.086912] evm: security.SMACK64
[   10.125981] evm: security.SMACK64EXEC
[   10.165991] evm: security.SMACK64TRANSMUTE
[   10.218499] evm: security.SMACK64MMAP
[   10.264392] evm: security.ima
[   10.293846] evm: security.capability
[   10.328393] clocksource: jiffies: mask: 0xffffffff max_cycles: 0xffffffff, max_idle_ns: 7645041785100000 ns
[   10.433355] futex hash table entris: 512 (order: 3, 32768 bytes)
[   10.535380] pinctrl core: initialized pinctrl subsystem
[   10.589911] RTC time:  6:52:58, date: 07/04/17
[   10.644567] NET: Registered protocol family 16
[   10.714751] cpuidle: using governor ladder
[   10.761205] cpuidle: using governor menu
[   10.781485] PCCT header not found.
[   10.782331] ACPI: bus type PCI registered
[   10.783190] acpiphp: ACPI Hot Plug PCI Controller Driver version: 0.5
[   10.784587] PCI: Using configuration type 1 for base access
[   10.802176] ACPI: Added _OSI(Module Device)
[   10.823187] ACPI: Added _OSI(Processor Device)
[   10.876396] ACPI: Added _OSI(3.0 _SCP Extensions)
[   10.938792] ACPI: Added _OSI(Processor Aggregator Device)
[   10.960320] ACPI: Executed 1 blocks of module-level executable AML code
[   10.963308] ACPI: Interpreter enabled
[   10.964039] ACPI: (supports S0 S5)
[   10.964729] ACPI: Using IOAPIC for interrupt routing
[   10.965792] PCI: Using host bridge windows from ACPI; if necessary, use "pci=nocrs" and report a bug
[   10.970628] ACPI: PCI Root Bridge [PCI0] (domain 0000 [bus 00-ff])
[   10.971656] acpi PNP0A03:00: _OSC: OS supports [ASPM ClockPM Segments MSI]
[   10.972796] acpi PNP0A03:00: _OSC failed (AE_NOT_FOUND); disabling ASPM
[   10.980945] acpi PNP0A03:00: fail to add MMCONFIG information, can't access extended PCI configuration space under this bridge.
[   10.983022] PCI host bridge to bus 0000:00
[   10.983770] pci_bus 0000:00: root bus resource [io  0x0000-0x0cf7 window]
[   10.984844] pci_bus 0000:00: root bus resource [io  0x0d00-0xffff window]
[   10.985944] pci_bus 0000:00: root bus resource [mem 0x000a0000-0x000bffff window]
[   10.987295] pci_bus 0000:00: root bus resource [mem 0xe0000000-0xffdfffff window]
[   10.988640] pci_bus 0000:00: root bus resource [bus 00-ff]
[   10.991064] pci 0000:00:01.1: legacy IDE quirk: reg 0x10: [io  0x01f0-0x01f7]
[   10.992184] pci 0000:00:01.1: legacy IDE quirk: reg 0x14: [io  0x03f6]
[   10.998106] pci 0000:00:01.1: legacy IDE quirk: reg 0x18: [io  0x0170-0x0177]
[   11.003544] pci 0000:00:01.1: legacy IDE quirk: reg 0x1c: [io  0x0376]
[   11.050115] pci 0000:00:07.0: quirk: [io  0x4000-0x403f] claimed by PIIX4 ACPI
[   11.114852] pci 0000:00:07.0: quirk: [io  0x4100-0x410f] claimed by PIIX4 SMB
[   11.140094] ACPI: PCI Interrupt Link [LNKA] (IRQs 5 9 10 *11)
[   11.206343] ACPI: PCI Interrupt Link [LNKB] (IRQs 5 9 10 *11)
[   11.207823] ACPI: PCI Interrupt Link [LNKC] (IRQs 5 9 *10 11)
[   11.209308] ACPI: PCI Interrupt Link [LNKD] (IRQs 5 *9 10 11)
[   11.210794] ACPI: Enabled 2 GPEs in block 00 to 07
[   11.212045] vgaarb: setting as boot device: PCI:0000:00:02.0
[   11.214547] vgaarb: device added: PCI:0000:00:02.0,decodes=io+mem,owns=io+mem,locks=none
[   11.216031] vgaarb: loaded
[   11.222821] vgaarb: bridge control possible 0000:00:02.0
[   11.223949] SCSI subsystem initialized
[   11.224762] ACPI: bus type USB registered
[   11.225512] usbcore: registered new interface driver usbfs
[   11.240025] usbcore: registered new interface driver hub
[   11.240978] usbcore: registered new device driver usb
[   11.305112] PCI: Using ACPI for IRQ routing
[   11.367581] NetLabel: Initializing
[   11.406152] NetLabel:  domain hash size = 128
[   11.471324] NetLabel:  protocols = UNLABELED CIPSOv4
[   11.526065] NetLabel:  unlabeled traffic allowed by default
[   11.593881] amd_nb: Cannot enumerate AMD northbridges
[   11.610117] clocksource: Switched to clocksource kvm-clock
[   11.618941] AppArmor: AppArmor Filesystem Enabled
[   11.626901] pnp: PnP ACPI init
[   11.628223] pnp: PnP ACPI: found 3 devices
[   11.639444] clocksource: acpi_pm: mask: 0xffffff max_cycles: 0xffffff, max_idle_ns: 2085701024 ns
[   11.826177] NET: Registered protocol family 2
[   11.840541] TCP established hash table entries: 32768 (order: 6, 262144 bytes)
[   11.844358] TCP bind hash table entries: 32768 (order: 7, 524288 bytes)
[   11.846982] TCP: Hash tables configured (established 32768 bind 32768)
[   11.851154] UDP hash table entries: 2048 (order: 4, 65536 bytes)
[   11.852481] UDP-Lite hash table entries: 2048 (order: 4, 65536 bytes)
[   11.979877] NET: Registered protocol family 1
[   12.064438] pci 0000:00:00.0: Limiting direct PCI/PCI transfers
[   12.166303] pci 0000:00:01.0: Activating ISA DMA hang workarounds
[   12.281236] Unpacking initramfs...
[   14.107259] Freeing initrd memory: 10772K (ffff880036ae6000 - ffff88003756b000)
[   14.204015] PCI-DMA: Using software bounce buffering for IO (SWIOTLB)
[   14.280163] software IO TLB [mem 0xdbff0000-0xdfff0000] (64MB) mapped at [ffff8800dbff0000-ffff8800dffeffff]
[   14.344962] platform rtc_cmos: registered platform RTC device (no PNP device found)
[   14.346615] Scanning for low memory corruption every 60 seconds
[   14.348115] audit: initializing netlink subsys (disabled)
[   14.418475] audit: type=2000 audit(1499151176.043:1): initialized
[   14.459781] Initialise system trusted keyring
[   14.514459] HugeTLB registered 2 MB page size, pre-allocated 0 pages
[   14.580300] zbud: loaded
[   14.613555] VFS: Disk quotas dquot_6.6.0
[   14.667741] VFS: Dquot-cache hash table entries: 512 (order 0, 4096 bytes)
[   14.741025] squashfs: version 4.0 (2009/01/31) Phillip Lougher
[   14.876945] fuse init (API version 7.23)
[   14.969170] Key type big_key registered
[   14.997209] Allocating IMA MOK and blacklist keyrings.
[   14.999642] Key type asymmetric registered
[   15.013591] Asymmetric key parser 'x509' registered
[   15.063505] Block layer SCSI generic (bsg) driver version 0.4 loaded (major 249)
[   15.147028] io scheduler noop registered
[   15.179809] io scheduler deadline registered (default)
[   15.236871] io scheduler cfq registered
[   15.278535] pci_hotplug: PCI Hot Plug PCI Core version: 0.5
[   15.336866] pciehp: PCI Express Hot Plug Controller Driver version: 0.4
[   15.408394] tsc: Refined TSC clocksource calibration: 2496.510 MHz
[   15.414992] ACPI: AC Adapter [AC] (off-line)
[   15.415040] input: Power Button as /devices/LNXSYSTM:00/LNXPWRBN:00/input/input0
[   15.415042] ACPI: Power Button [PWRF]
[   15.415103] input: Sleep Button as /devices/LNXSYSTM:00/LNXSLPBN:00/input/input1
[   15.415104] ACPI: Sleep Button [SLPF]
[   15.415791] ACPI: Battery Slot [BAT0] (battery present)
[   15.415815] GHES: HEST is not enabled!
[   15.415899] Serial: 8250/16550 driver, 32 ports, IRQ sharing enabled
[   15.509290] 00:02: ttyS0 at I/O 0x3f8 (irq = 4, base_baud = 115200) is a 16550A
[   15.595904] Linux agpgart interface v0.103
[   15.610607] loop: module loaded
[   15.611072] scsi host0: ata_piix
[   15.611119] scsi host1: ata_piix
[   15.611146] ata1: PATA max UDMA/33 cmd 0x1f0 ctl 0x3f6 bmdma 0xd000 irq 14
[   15.611147] ata2: PATA max UDMA/33 cmd 0x170 ctl 0x376 bmdma 0xd008 irq 15
[   15.611211 libphy: Fixed MDIO Bus: probed
[   15.611213] tun: Universal TUN/TAP device driver, 1.6
[   15.611214] tun: (C) 1999-2004 Max Krasnyansky <maxk@qualcomm.com>
[   15.611525] PPP generic driver version 2.4.2
[   15.611572] ehci_hcd: USB 2.0 'Enhanced' Host Controller (EHCI) Driver
[   15.611576] ehci-pci: EHCI PCI platform driver
[   15.611584] ehci-platform: EHCI generic platform driver
[   15.611590] ohci_hcd: USB 1.1 'Open' Host Controller (OHCI) Driver
[   15.611593] ohci-pci: OHCI PCI platform driver
[   15.611600] ohci-platform: OHCI generic platform driver
[   15.611608] uhci_hcd: USB Universal Host Controller Interface driver
[   15.611652] i8042: PNP: PS/2 Controller [PNP0303:PS2K,PNP0f03:PS2M] at 0x60,0x64 irq 1,12
[   15.612329] serio: i8042 KBD port at 0x60,0x64 irq 1
[   15.612332] serio: i8042 AUX port at 0x60,0x64 irq 12
[   15.612418] mousedev: PS/2 mouse device common for all mice
[   15.612676] rtc_cmos rtc_cmos: rtc core: registered rtc_cmos as rtc0
[   15.612755] rtc_cmos rtc_cmos: alarms up to one day, 114 bytes nvram
[   15.612760] i2c /dev entries driver
[   15.612802] device-mapper: uevent: version 1.0.3
[   15.612844] device-mapper: ioctl: 4.34.0-ioctl (2015-10-28) initialised: dm-devel@redhat.com
[   15.612864] ledtrig-cpu: registered to indicate activity on CPUs
[   15.613114] NET: Registered protocol family 10
[   15.613243] NET: Registered protocol family 17
[   15.613263] Key type dns_resolver registered
[   15.614095] microcode: CPU0 sig=0x406e3, pf=0x2, revision=0x0
[   15.614102] microcode: CPU1 sig=0x406e3, pf=0x2, revision=0x0
[   15.614144] microcode: Microcode Update Driver: v2.01 <tigran@aivazian.fsnet.co.uk>, Peter Oruba
[   15.614280] registered taskstats version 1
[   15.614294] Loading compiled-in X.509 certificates
[   15.614862] Loaded X.509 cert 'Build time autogenerated kernel key: 779fd75203f0d36b99b83c7328fac831ec7adf9e'
[   15.614879] zswap: loaded using pool lzo/zbud
[   15.616157] Key type trusted registered
[   15.617996] Key type encrypted registered
[   15.618001] AppArmor: AppArmor sha1 policy hashing enabled
[   15.618003] ima: No TPM chip found, activating TPM-bypass!
[   15.618018] evm: HMAC attrs: 0x1
[   15.618307]   Magic number: 9:279:872
[   15.628267] rtc_cmos rtc_cmos: setting system clock to 2017-07-04 06:53:03 UTC (1499151183)
[   15.628378] BIOS EDD facility v0.16 2004-Jun-25, 0 devices found
[   15.628378] EDD information not available.
[   15.687939] input: AT Translated Set 2 keyboard as /devices/platform/i8042/serio0/input/input2
[   16.147053] clocksource: tsc: mask: 0xffffffffffffffff max_cycles: 0x23fc58e5eaf, max_idle_ns: 440795265865 ns
[   16.267650] Freeing unused kernel memory: 1484K (ffffffff81f45000 - ffffffff820b8000)
[   16.371565] Write protecting the kernel read-only data: 14336k
[   16.451118] Freeing unused kernel memory: 1760K (ffff880001848000 - ffff880001a00000)
[   16.535680] Freeing unused kernel memory: 112K (ffff880001de4000 - ffff880001e00000)
Loading, please wait...
starting version[   16.624970] random: systemd-udevd: uninitialized urandom read (16 bytes read, 5 bits of entropy available)
 229
[   16.626440] random: udevadm: uninitialized urandom read (16 bytes read, 5 bits of entropy available)
[   16.626479] random: udevadm: uninitialized urandom read (16 bytes read, 5 bits of entropy available)
[   16.626604] random: udevadm: uninitialized urandom read (16 bytes read, 5 bits of entropy available)
[   16.626639] random: udevadm: uninitialized urandom read (16 bytes read, 5 bits of entropy available)
[   16.626676] random: udevadm: uninitialized urandom read (16 bytes read, 5 bits of entropy available)
[   16.626749] random: udevadm: uninitialized urandom read (16 bytes read, 5 bits of entropy available)
[   16.626781] random: udevadm: uninitialized urandom read (16 bytes read, 5 bits of entropy available)
[   16.626813] random: udevadm: uninitialized urandom read (16 bytes read, 5 bits of entropy available)
[   16.626844] random: udevadm: uninitialized urandom read (16 bytes read, 5 bits of entropy available)
[   17.107467] e1000: Intel(R) PRO/1000 Network Driver - version 7.3.21-k8-NAPI
[   17.116357] e1000: Copyright (c) 1999-2006 Intel Corporation.
[   17.123116] Fusion MPT base driver 3.04.20
[   17.135213] Copyright (c) 1999-2008 LSI Corporation
[   17.159053] AVX version of gcm_enc/dec engaged.
[   17.166561] AES CTR mode by8 optimization enabled
[   17.168079] Fusion MPT SPI Host driver 3.04.20
[   17.326004] input: ImExPS/2 Generic Explorer Mouse as /devices/platform/i8042/serio1/input/input4
[   17.610853] e1000 0000:00:03.0 eth0: (PCI:33MHz:32-bit) 02:a6:9f:cf:fa:b5
[   17.618715] e1000 0000:00:03.0 eth0: Intel(R) PRO/1000 Network Connection
[   18.058233] e1000 0000:00:08.0 eth1: (PCI:33MHz:32-bit) 08:00:27:91:3b:1c
[   18.127919] e1000 0000:00:08.0 eth1: Intel(R) PRO/1000 Network Connection
[   18.129837] mptbase: ioc0: Initiating bringup
[   18.145329] e1000 0000:00:03.0 enp0s3: renamed from eth0
[   18.170658] e1000 0000:00:08.0 enp0s8: renamed from eth1
[   18.221301] ioc0: LSI53C1030 A0: Capabilities={Initiator}
[   18.521514] scsi host2: ioc0: LSI53C1030 A0, FwRev=00000000h, Ports=1, MaxQ=256, IRQ=20
[   18.826337] scsi 2:0:0:0: Direct-Access     VBOX     HARDDISK         1.0  PQ: 0 ANSI: 5
[   18.905919] scsi target2:0:0: Beginning Domain Validation
[   18.951107] scsi target2:0:0: Domain Validation skipping write tests
[   19.002836] scsi target2:0:0: Ending Domain Validation
[   19.066534] scsi target2:0:0: asynchronous
[   19.115792] scsi 2:0:1:0: Direct-Access     VBOX     HARDDISK         1.0  PQ: 0 ANSI: 5
[   19.118634] scsi target2:0:1: Beginning Domain Validation
[   19.121489] scsi target2:0:1: Domain Validation skipping write tests
[   19.122597] scsi target2:0:1: Ending Domain Validation
[   19.123620] scsi target2:0:1: asynchronous
[   19.131107] sd 2:0:0:0: Attached scsi generic sg0 type 0
[   19.135583] sd 2:0:0:0: [sda] 20971520 512-byte logical blocks: (10.7 GB/10.0 GiB)
[   19.137198] sd 2:0:0:0: [sda] Write Protect is off
[   19.138211] sd 2:0:0:0: [sda] Incomplete mode parameter data
[   19.139220] sd 2:0:0:0: [sda] Assuming drive cache: write through
[   19.140224] sd 2:0:1:0: [sdb] 20480 512-byte logical blocks: (10.5 MB/10.0 MiB)
[   19.142874] sd 2:0:1:0: Attached scsi generic sg1 type 0
[   19.144155] sd 2:0:1:0: [sdb] Write Protect is off
[   19.146692] sd 2:0:1:0: [sdb] Incomplete mode parameter data
[   19.149561] sd 2:0:1:0: [sdb] Assuming drive cache: write through
[   19.168671]  sda: sda1
[   19.185242] sd 2:0:0:0: [sda] Attached SCSI disk
[   19.205380] sd 2:0:1:0: [sdb] Attached SCSI disk
[   20.207020] floppy0: no floppy controllers found
Begin: Loading e[   21.614752] md: linear personality registered for level -1
ssential drivers[   21.689734] md: multipath personality registered for level -4
 ... [   21.762684] md: raid0 personality registered for level 0
[   21.832857] md: raid1 personality registered for level 1
[   21.950877] raid6: sse2x1   gen()  8418 MB/s
[   22.038411] raid6: sse2x1   xor()  5269 MB/s
[   22.154355] raid6: sse2x2   gen()  9996 MB/s
[   22.262656] raid6: sse2x2   xor()  6600 MB/s
[   22.378785] raid6: sse2x4   gen() 11395 MB/s
[   22.458646] raid6: sse2x4   xor()  7136 MB/s
[   22.524196] raid6: using algorithm sse2x4 gen() 11395 MB/s
[   22.540348] raid6: .... xor() 7136 MB/s, rmw enabled
[   22.541221] raid6: using ssse3x2 recovery algorithm
[   22.543507] xor: automatically using best checksumming function:
[   22.658185]    avx       : 19183.000 MB/sec
[   22.696560] async_tx: api initialized (async)
[   22.781957] md: raid6 personality registered for level 6
[   22.847783] md: raid5 personality registered for level 5
[   22.910580] md: raid4 personality registered for level 4
[   22.990934] md: raid10 personality registered for level 10
done.
Begin: Running /scripts/init-p[   23.092380] Btrfs loaded
remount ... done.
Begin: Mounting root file system ... Begin: Running /scripts/local-top ... done.
Begin: Runn[   23.200811] EXT4-fs (sda1): mounted filesystem with ordered data mode. Opts: (null)
ing /scripts/local-premount ... Scanning for Btrfs filesystems
done.
Warning: fsck not present, so skipping root file system
done.
Begin: Running /scripts/local-bottom ... done.
Begin: Running /scripts/init-bottom ... done.
[   23.492368] systemd[1]: systemd 229 running in system mode. (+PAM +AUDIT +SELINUX +IMA +APPARMOR +SMACK +SYSVINIT +UTMP +LIBCRYPTSETUP +GCRYPT +GNUTLS +ACL +XZ -LZ4 +SECCOMP +BLKID +ELFUTILS +KMOD -IDN)
[   23.616123] systemd[1]: Detected virtualization oracle.
[   23.686067] systemd[1]: Detected architecture x86-64.

Welcome to [1mUbuntu 16.04.2 LTS[0m!

[   23.807878] systemd[1]: Set hostname to <ubuntu>.
[   23.919279] systemd[1]: Initializing machine ID from random generator.
[   23.994414] systemd[1]: Installed transient /etc/machine-id file.
[   24.293524] systemd[1]: Listening on Journal Socket (/dev/log).
[[0;32m  OK  [0m] Listening on Journal Socket (/dev/log).
[   24.486672] systemd[1]: Listening on udev Control Socket.
[[0;32m  OK  [0m] Listening on udev Control Socket.
[   24.538819] systemd[1]: Listening on Journal Audit Socket.
[[0;32m  OK  [0m] Listening on Journal Audit Socket.
[   24.582421] systemd[1]: Listening on Syslog Socket.
[[0;32m  OK  [0m] Listening on Syslog Socket.
[   24.758577] systemd[1]: Created slice System Slice.
[[0;32m  OK  [0m] Created slice System Slice.
[   24.911976] systemd[1]: Created slice system-serial\x2dgetty.slice.
[[0;32m  OK  [0m] Created slice system-serial\x2dgetty.slice.
[   25.150326] systemd[1]: Set up automount Arbitrary Executable File Formats File System Automount Point.
[[0;32m  OK  [0m] Set up automount Arbitrary Executab...ats File System Automount Point.
[   25.451299] systemd[1]: Listening on LVM2 poll daemon socket.
[[0;32m  OK  [0m] Listening on LVM2 poll daemon socket.
[   25.594881] systemd[1]: Reached target Swap.
[[0;32m  OK  [0m] Reached target Swap.
[   25.642503] systemd[1]: Listening on udev Kernel Socket.
[[0;32m  OK  [0m] Listening on udev Kernel Socket.
[   25.775697] systemd[1]: Listening on Device-mapper event daemon FIFOs.
[[0;32m  OK  [0m] Listening on Device-mapper event daemon FIFOs.
[   25.975371] systemd[1]: Listening on Journal Socket.
[[0;32m  OK  [0m] Listening on Journal Socket.
[   26.158698] systemd[1]: Starting Remount Root and Kernel File Systems...
         Starting Remount Root and Kernel File S[   26.185140] random: nonblocking pool is initialized
ystems...
[   26.351155] EXT4-fs (sda1): re-mounted. Opts: (null)
[   26.413510] systemd[1]: Starting Nameserver information manager...
         Starting Nameserver information manager...
[   26.543072] systemd[1]: Starting Uncomplicated firewall...
         Starting Uncomplicated firewall...
[   26.652609] systemd[1]: Mounting Huge Pages File System...
         Mounting Huge Pages File System...
[   26.686385] systemd[1]: Starting Create list of required static device nodes for the current kernel...
         Starting Create list of required st... nodes for the current kernel...
[   26.719775] systemd[1]: Started Trigger resolvconf update for networkd DNS.
[[0;32m  OK  [0m] Started Trigger resolvconf update for networkd DNS.
[   26.782689] systemd[1]: Started Forward Password Requests to Wall Directory Watch.
[[0;32m  OK  [0m] Started Forward Password Requests to Wall Directory Watch.
[   26.867660] systemd[1]: Starting Load Kernel Modules...
[   26.882968] Loading iSCSI transport class v2.0-870.
         Startin[   26.994804] iscsi: registered transport (tcp)
g Load Kernel Modules...
[   27.083528] iscsi: registered transport (iser)
[   27.173477] systemd[1]: Listening on LVM2 metadata daemon socket.
[[0;32m  OK  [0m] Listening on LVM2 metadata daemon socket.
[   27.222610] systemd[1]: Starting Monitoring of LVM2 mirrors, snapshots etc. using dmeventd or progress polling...
         Starting Monitoring of LVM2 mirrors... dmeventd or progress polling...
[   27.262393] systemd[1]: Listening on /dev/initctl Compatibility Named Pipe.
[[0;32m  OK  [0m] Listening on /dev/initctl Compatibility Named Pipe.
[   27.419444] systemd[1]: Starting Set console keymap...
         Starting Set console keymap...
[   27.518588] systemd[1]: Starting Journal Service...
         Starting Journal Service...
[   27.607000] systemd[1]: Reached target Encrypted Volumes.
[[0;32m  OK  [0m] Reached target Encrypted Volumes.
[   27.696690] systemd[1]: Created slice User and Session Slice.
[[0;32m  OK  [0m] Created slice User and Session Slice.
[   27.743102] systemd[1]: Reached target Slices.
[[0;32m  OK  [0m] Reached target Slices.
[   27.810874] systemd[1]: Mounting Debug File System...
         Mounting Debug File System...
[   27.862980] systemd[1]: Mounting POSIX Message Queue File System...
         Mounting POSIX Message Queue File System...
[   27.927342] systemd[1]: Reached target User and Group Name Lookups.
[[0;32m  OK  [0m] Reached target User and Group Name Lookups.
[   28.179184] systemd[1]: Mounted POSIX Message Queue File System.
[[0;32m  OK  [0m] Mounted POSIX Message Queue File System.
[   28.231516] systemd[1]: Mounted Huge Pages File System.
[[0;32m  OK  [0m] Mounted Huge Pages File System.
[   28.418672] systemd[1]: Mounted Debug File System.
[[0;32m  OK  [0m] Mounted Debug File System.
[   28.586779] systemd[1]: Started Journal Service.
[[0;32m  OK  [0m] Started Journal Service.
[[0;32m  OK  [0m] Started Remount Root and Kernel File Systems.
[[0;32m  OK  [0m] Started Uncomplicated firewall.
[[0;32m  OK  [0m] Started Create list of required sta...ce nodes for the current kernel.
[[0;32m  OK  [0m] Started Load Kernel Modules.
[[0;32m  OK  [0m] Started Set console keymap.
[[0;32m  OK  [0m] Started Nameserver information manager.
[[0;32m  OK  [0m] Started LVM2 metadata daemon.
         Starting Apply Kernel Variables...
         Mounting FUSE Control File System...
         Starting Create Static Device Nodes in /dev...
         Starting Initial cloud-init job (pre-networking)...
         Starting Load/Save Random Seed...
         Starting udev Coldplug all Devices...
         Starting Flush Journal to Persistent Storage...
[[0;32m  OK  [0m] Mounted FUSE Control File System.
[[0;32m  OK  [0m] Started Monitoring of LVM2 mirrors,...ng dmeventd or progress polling.
[[0;32m  OK  [0m] Started Apply Kernel Variables.
[[0;32m  OK  [0m] Started Create Static Device Nodes in /dev.
[[0;32m  OK  [0m] Started Load/Save Random Seed.
[[0;32m  OK  [0m] Started udev Coldplug all Devices.
[[0;32m  OK  [0m] Started Flush Journal to Persistent Storage.
         Starting udev Kernel Device Manager...
[[0;32m  OK  [0m] Started udev Kernel Device Manager.
[[0;32m  OK  [0m] Reached target Local File Systems (Pre).
[[0;32m  OK  [0m] Reached target Local File Systems.
         Starting Set console font and keymap...
         Starting Commit a transient machine-id on disk...
         Starting Create Volatile Files and Directories...
         Starting LSB: AppArmor initialization...
         Starting Tell Plymouth To Write Out Runtime Data...
[[0;32m  OK  [0m] Started Dispatch Password Requests to Console Directory Watch.
[   19.381015] cloud-init[449]: Cloud-init v. 0.7.9 running 'init-local' at Tue, 04 Jul 2017 06:53:17 +0000. Up 18.98 seconds.
[[0;32m  OK  [0m] Started Commit a transient machine-id on disk.
[[0;32m  OK  [0m] Started Create Volatile Files and Directories.
[[0;32m  OK  [0m] Started Tell Plymouth To Write Out Runtime Data.
[[0;32m  OK  [0m] Started Initial cloud-init job (pre-networking).
[[0;32m  OK  [0m] Started Set console font and keymap.
[[0;32m  OK  [0m] Found device /dev/ttyS0.
[[0;32m  OK  [0m] Listening on Load/Save RF Kill Switch Status /dev/rfkill Watch.
[[0;32m  OK  [0m] Created slice system-getty.slice.
[[0;32m  OK  [0m] Reached target Network (Pre).
[[0;32m  OK  [0m] Reached target System Time Synchronized.
         Starting Update UTMP about System Boot/Shutdown...
[[0;32m  OK  [0m] Started Update UTMP about System Boot/Shutdown.
[[0;32m  OK  [0m] Started LSB: AppArmor initialization.
         Starting Raise network interfaces...
[[0;32m  OK  [0m] Started Raise network interfaces.
[[0;32m  OK  [0m] Reached target Network.
         Starting Initial cloud-init job (metadata service crawler)...
[   23.344099] cloud-init[939]: Cloud-init v. 0.7.9 running 'init' at Tue, 04 Jul 2017 06:53:21 +0000. Up 22.69 seconds.
[   23.384325] cloud-init[939]: ci-info: ++++++++++++++++++++++++++++++++++++++Net device info++++++++++++++++++++++++++++++++++++++
[   23.413943] cloud-init[939]: ci-info: +--------+-------+----------------------------+---------------+-------+-------------------+
[   23.414190] cloud-init[939]: ci-info: | Device |   Up  |          Address           |      Mask     | Scope |     Hw-Address    |
[[0;32m  OK  [0m] Started Initial cloud-init job (metadata service crawler).
[   23.414356] cloud-init[939]: ci-info: +--------+-------+----------------------------+---------------+-------+-------------------+
[   23.580975] cloud-init[939]: ci-info: | enp0s3 |  True |         10.0.2.15          | 255.255.255.0 |   .   | 02:a6:9f:cf:fa:b5 |
[   23.581236] cloud-init[939]: ci-info: | enp0s3 |  True | fe80::a6:9fff:fecf:fab5/64 |       .       |  link | 02:a6:9f:cf:fa:b5 |
[[0;32m  OK  [0m] Reached target Network is Online.
[   23.581383] cloud-init[939]: ci-info: |   lo   |  True |         127.0.0.1          |   255.0.0.0   |   .   |         .         |
[   23.802718] cloud-init[939]: ci-info: |   lo   |  True |          ::1/128           |       .       |  host |         .         |
[   23.802960] cloud-init[939]: ci-info: | enp0s8 | False |             .              |       .       |   .   | 08:00:27:91:3b:1c |
         Starting iSCSI initiator daemon (iscsid)...
[   23.803099] cloud-init[939]: ci-info: +--------+-------+----------------------------+---------------+-------+-------------------+
[   23.816776] cloud-init[939]: ci-info: +++++++++++++++++++++++++++Route IPv4 info++++++++++++++++++++++++++++
[[0;32m  OK  [0m] Reached target Cloud-config availability.
[   23.816902] cloud-init[939]: ci-info: +-------+-------------+----------+---------------+-----------+-------+
[   23.979304] cloud-init[939]: ci-info: | Route | Destination | Gateway  |    Genmask    | Interface | Flags |
[[0;32m  OK  [0m] Reached target System Initialization.
[   23.979465] cloud-init[939]: ci-info: +-------+-------------+----------+---------------+-----------+-------+
[   24.129733] cloud-init[939]: ci-info: |   0   |   0.0.0.0   | 10.0.2.2 |    0.0.0.0    |   enp0s3  |   UG  |
[   24.131743] cloud-init[939]: ci-info: |   1   |   10.0.2.0  | 0.0.0.0  | 255.255.255.0 |   enp0s3  |   U   |
[   24.158584] cloud-init[939]: ci-info: +-------+-------------+----------+---------------+-----------+-------+
[[0;32m  OK  [0m] Started ACPI Events Check.
[   24.159149] cloud-init[939]: Generating public/private rsa key pair.
[   24.172483] cloud-init[939]: Your identification has been saved in /etc/ssh/ssh_host_rsa_key.
[[0;32m  OK  [0m] Reached target Paths.
         Starting Socket activation for snappy daemon.
[   24.172612] cloud-init[939]: [Your public key has been saved in /etc/ssh/ssh_host_rsa_key.pub.[0;32m  OK  [0m
] Listening on UUID daemon activation socket.
[   24.205909] cloud-init[939]: The key fingerprint is:
[   24.266802] cloud-init[939]: SHA256:OR5X/hgr673Fm5SxnVIvjKN2LXGOYnmBcHqtZI2TtVg root@ubuntu-xenial
[[0;32m  OK  [0m] Listening on ACPID Listen Socket.
[   24.266941] cloud-init[939]: The key's randomart image is:
[   24.349777] cloud-init[939]: +---[RSA 2048]----+
[   24.350603] cloud-init[939]: |                 |
[   24.351738] cloud-init[939]: |                 |
[[0;32m  OK  [0m] Listening on D-Bus System Message Bus Socket.
[   24.352405] cloud-init[939]: |            .    |
[   24.451456] cloud-init[939]: |        ...oE    |
[[0;32m  OK  [0m] Started Daily Cleanup of Temporary Directories.
[[   24.451554] cloud-init[939]: |        S+.Xo... |
[   24.497657] cloud-init[939]: |       ..+X *Oo=o|
[0;32m  OK  [0m] Started Daily apt activities.
[   24.497767] cloud-init[939]: |        .+.+=OX.o|
[   24.566649] cloud-init[939]: |          *==+++ |
[   24.569514] cloud-init[939]: |         +++ooo  |
[   24.576908] cloud-init[939]: +----[SHA256]-----+
[   24.580905] cloud-init[939]: Generating public/private dsa key pair.
[   24.583373] cloud-init[939]: Your identification has been saved in /etc/ssh/ssh_host_dsa_key.
[   24.584991] cloud-init[939]: Your public key has been saved in /etc/ssh/ssh_host_dsa_key.pub.
[   24.616516] cloud-init[939]: The key fingerprint is:
[   24.616798] cloud-init[939]: SHA256:uo3N7fIOIherfwVuK5R7QqstbSHOxSCfkoXIUEbN7Ok root@ubuntu-xenial
         Starting LXD - unix socket.
[   24.616957] cloud-init[939]: The key's randomart image is:
[   24.672937] cloud-init[939]: +---[DSA 1024]----+
[[0;32m  OK  [0m] Started Timer to automatically refresh installed snaps.
[   24.673089] cloud-init[939]: | o++             |
[   24.777735] cloud-init[939]: |..  +            |
[[0;32m  OK  [0m] Reached target Timers.
[   24.777860] cloud-init[939]: |o. o .           |
[   24.844699] cloud-init[939]: |..o =   .        |
[   24.857172] cloud-init[939]: |   * +.oS.       |
[   24.857447] cloud-init[939]: |  o E B+o .      |
[[0;32m  OK  [0m] Listening on Socket activation for snappy daemon.
[[   24.857573] cloud-init[939]: |   +.*==.o       |
[   24.878253] cloud-init[939]: |    +=BB=o       |
[   24.878385] cloud-init[939]: |    o===+==      |
[   24.878558] cloud-init[939]: +----[SHA256]-----+
[0;32m  OK  [0m] Listening on LXD - unix socket.
[[   24.878712] cloud-init[939]: Generating public/private ecdsa key pair.
[   24.901453] cloud-init[939]: Your identification has been saved in /etc/ssh/ssh_host_ecdsa_key.
[0;32m  OK  [0m] Started iSCSI initiator daemon (iscsid).
[   24.901550] cloud-init[939]: Your public key has been saved in /etc/ssh/ssh_host_ecdsa_key.pub.
[   25.036277] cloud-init[939]: The key fingerprint is:
[   25.036548] cloud-init[939]: SHA256:tie9rxPC/cMhTmu12nCyshe1xc31TZxlahurT4Q55Cs root@ubuntu-xenial
         Starting Login to default iSCSI targets...
[   25.036680] cloud-init[939]: The key's randomart image is:
[   25.051995] cloud-init[939]: +---[ECDSA 256]---+
[[0;32m  OK  [0m] Reached target Sockets.
[   25.052146] cloud-init[939]: |               .=|
[   25.085091] cloud-init[939]: |               ++|
[[0;32m  OK  [0m] Reached target Basic System.
[   25.085225] cloud-init[939]: |            ..+++|
[   25.139893] cloud-init[939]: |           o.+o+=|
[   25.177655] cloud-init[939]: |       .S. .=o+  |
[   25.178303] cloud-init[939]: |       .oo* +=   |
         Starting Login Service...
[   25.178471] cloud-init[939]: |        o+EO+o.  |
[   25.204836] cloud-init[939]: |        .o*O=o   |
[   25.205267] cloud-init[939]: |        .===o..  |
         Starting LXD - container startup/shutdown...
[   25.205411] cloud-init[939]: +----[SHA256]-----+
[   25.290111] cloud-init[939]: Generating public/private ed25519 key pair.
[   25.290266] cloud-init[939]: Your identification has been saved in /etc/ssh/ssh_host_ed25519_key.
[[0;32m  OK  [0m] Started Unattended Upgrades Shutdown.
[   25.290440] cloud-init[939]: Your public key has been saved in /etc/ssh/ssh_host_ed25519_key.pub.
[   25.305410] cloud-init[939]: The key fingerprint is:
[   25.314384] cloud-init[939]: SHA256:/80JAJQwwAyM+2A2gpbp80URNSCzpsyr3xp4hadRGKU root@ubuntu-xenial
[   25.315964] cloud-init[939]: The key's randomart image is:
         [   25.316561] Starting System Logging Service...cloud-init
[939]: +--[ED25519 256]--+
         [   25.350144] Starting Accounts Service...cloud-init
[939]: | ooBo+*+..       |
[   25.386446] cloud-init[939]: |. .+*. oo        |
[   25.386712] cloud-init[939]: |..Eo. . .        |
         Starting /etc/rc.local Compatibility...
[   25.386862] cloud-init[939]: |BBoo .   .       |
[   25.433827] cloud-init[939]: |**+ +   S .      |
[   25.434135] cloud-init[939]: | +o= .   . .     |
[   25.434282] cloud-init[939]: |..* .     . .    |
[[0;32m  OK  [0m] Started D-Bus System Message Bus.
[   25.434310] cloud-init[939]: |.. +       . + . |
[[   25.549253] cloud-init[939]: |..o..       . +  |
[   25.549387] cloud-init[939]: +----[SHA256]-----+
[0;32m  OK  [0m] Started FUSE filesystem for LXC.
         Starting Pollinate to seed the pseudo random number generator...
         Starting LSB: Record successful boot for GRUB...
[[0;32m  OK  [0m] Started Regular background program processing daemon.
         Starting Apply the settings specified in cloud-config...
[[0;32m  OK  [0m] Started ACPI event daemon.
         Starting LSB: MD monitoring daemon...
[[0;32m  OK  [0m] Started Deferred execution scheduler.
[[0;32m  OK  [0m] Started Snappy daemon.
         Starting Auto import assertions from block devices...
[[0;32m  OK  [0m] Started System Logging Service.
[[0;32m  OK  [0m] Started LXD - container startup/shutdown.
[[0;32m  OK  [0m] Started /etc/rc.local Compatibility.
[[0;32m  OK  [0m] Started Auto import assertions from block devices.
[[0;32m  OK  [0m] Started Login to default iSCSI targets.
[[0;32m  OK  [0m] Started LSB: Record successful boot for GRUB.
[[0;32m  OK  [0m] Started LSB: MD monitoring daemon.
[[0;32m  OK  [0m] Started Pollinate to seed the pseudo random number generator.
[[0;32m  OK  [0m] Started Login Service.
         Starting Authenticate and Authorize Users to Run Privileged Tasks...
         Starting OpenBSD Secure Shell server...
[[0;32m  OK  [0m] Reached target Remote File Systems (Pre).
[[0;32m  OK  [0m] Reached target Remote File Systems.
         Starting LSB: Set the CPU Frequency Scaling governor to "ondemand"...
         Starting LSB: daemon to balance interrupts for SMP systems...
         Starting LSB: VirtualBox Linux Additions...
         Starting Permit User Sessions...
         Starting LSB: automatic crash report generation...
[[0;32m  OK  [0m] Started OpenBSD Secure Shell server.
[[0;32m  OK  [0m] Started Permit User Sessions.
[[0;32m  OK  [0m] Started Authenticate and Authorize Users to Run Privileged Tasks.
[[0;32m  OK  [0m] Started Accounts Service.
[[0;32m  OK  [0m] Started LSB: Set the CPU Frequency Scaling governor to "ondemand".
[[0;32m  OK  [0m] Started LSB: daemon to balance interrupts for SMP systems.
         Starting Terminate Plymouth Boot Screen...
         Starting Hold until boot process finishes up...
[[0;32m  OK  [0m] Started Terminate Plymouth Boot Screen.
[[0;32m  OK  [0m] Started LSB: VirtualBox Linux Additions.
[[0;32m  OK  [0m] Started Hold until boot process finishes up.
[   26.280372] cloud-init[1114]: Generating locales (this might take a while)...
[[0;32m  OK  [0m] Started Serial Getty on ttyS0.
         Starting Set console scheme...
[[0;32m  OK  [0m] Started Getty on tty1.
[[0;32m  OK  [0m] Reached target Login Prompts.
[[0;32m  OK  [0m] Started LSB: automatic crash report generation.
[[0;32m  OK  [0m] Started Set console scheme.
[[0;32m  OK  [0m] Reached target Multi-User System.
[[0;32m  OK  [0m] Reached target Graphical Interface.
         Starting Update UTMP about System Runlevel Changes...
[[0;32m  OK  [0m] Started Update UTMP about System Runlevel Changes.
[   27.024689] cloud-init[1114]:   en_US.UTF-8... done
[   27.029491] cloud-init[1114]: Generation complete.
         Stopping OpenBSD Secure Shell server...
[[0;32m  OK  [0m] Stopped OpenBSD Secure Shell server.
         Starting OpenBSD Secure Shell server...
[[0;32m  OK  [0m] Started OpenBSD Secure Shell server.
[   27.443168] cloud-init[1114]: Cloud-init v. 0.7.9 running 'modules:config' at Tue, 04 Jul 2017 06:53:25 +0000. Up 26.12 seconds.
[[0;32m  OK  [0m] Started Apply the settings specified in cloud-config.
         Starting Execute cloud user/final scripts...
ci-info: no authorized ssh keys fingerprints found for user ubuntu.
<14>Jul  4 06:53:26 ec2: 
<14>Jul  4 06:53:26 ec2: #############################################################
<14>Jul  4 06:53:26 ec2: -----BEGIN SSH HOST KEY FINGERPRINTS-----
<14>Jul  4 06:53:26 ec2: 1024 SHA256:uo3N7fIOIherfwVuK5R7QqstbSHOxSCfkoXIUEbN7Ok root@ubuntu-xenial (DSA)
<14>Jul  4 06:53:26 ec2: 256 SHA256:tie9rxPC/cMhTmu12nCyshe1xc31TZxlahurT4Q55Cs root@ubuntu-xenial (ECDSA)
<14>Jul  4 06:53:26 ec2: 256 SHA256:/80JAJQwwAyM+2A2gpbp80URNSCzpsyr3xp4hadRGKU root@ubuntu-xenial (ED25519)
<14>Jul  4 06:53:26 ec2: 2048 SHA256:OR5X/hgr673Fm5SxnVIvjKN2LXGOYnmBcHqtZI2TtVg root@ubuntu-xenial (RSA)
<14>Jul  4 06:53:26 ec2: -----END SSH HOST KEY FINGERPRINTS-----
<14>Jul  4 06:53:26 ec2: #############################################################
-----BEGIN SSH HOST KEY KEYS-----
ecdsa-sha2-nistp256 AAAAE2VjZHNhLXNoYTItbmlzdHAyNTYAAAAIbmlzdHAyNTYAAABBBAlxvPekSmz3hxaYRdXrn3GqGDaqpB8+bIselyDFxFeregp8i5OwHMzoPsT2LuxxaigPQdcfvojQu1q3p3BAQEM= root@ubuntu-xenial
ssh-ed25519 AAAAC3NzaC1lZDI1NTE5AAAAIDIVauS9Y/8LpvP7zr3W0/+huQ2DVw2Cm6mD+Fktq8L5 root@ubuntu-xenial
ssh-rsa AAAAB3NzaC1yc2EAAAADAQABAAABAQDRtC/H1Efa30p8ijKzqrvoXdiBQBgXDt4+BZcXoyToK1/yxn62h1I6h+90XnELzeZ9lTArOupbarP4MlCcAfV+bUUrEiHZhJY/5fFefpcEc88uDqwJFJsIqlsmniEBhBTQ95cqgefs4pj7XM9+lYbhp9w8kCUgXATIodNf7PQAV71adpHMdxT8fkMLhBlW3q0gwzFsEWYGYT4rpgN2H4JaDQgl4LSb+jAY0MuLZncqrc0IJng9zQQPNzlggKWcb+/d5uXxZltPA4yiL7NtwcdXW7fuFjE3pKTXhrimOxgFfhSTmQRuSl3QfRW5/rD18eGtrbOSYAFE815y4JI8l+of root@ubuntu-xenial
-----END SSH HOST KEY KEYS-----
[   27.948004] cloud-init[1303]: Cloud-init v. 0.7.9 running 'modules:final' at Tue, 04 Jul 2017 06:53:26 +0000. Up 27.77 seconds.
[   27.953590] cloud-init[1303]: ci-info: no authorized ssh keys fingerprints found for user ubuntu.
[   27.966680] cloud-init[1303]: Cloud-init v. 0.7.9 finished at Tue, 04 Jul 2017 06:53:26 +0000. Datasource DataSourceNoCloud [seed=/dev/sdb][dsmode=net].  Up 27.94 seconds
[[0;32m  OK  [0m] Started Execute cloud user/final scripts.
[[0;32m  OK  [0m] Reached target Cloud-init target.

Ubuntu 16.04.2 LTS ubuntu-xenial ttyS0

ubuntu-xenial login: 